Archive member included to satisfy reference by file (symbol)

/opt/stm32cubeide/plugins/com.st.stm32cube.ide.mcu.externaltools.gnu-tools-for-stm32.14.3.rel1.linux64_1.0.100.202602081740/tools/bin/../lib/gcc/arm-none-eabi/14.3.1/../../../../arm-none-eabi/lib/thumb/v6-m/nofp/libc_nano.a(libc_a-exit.o)
                              /opt/stm32cubeide/plugins/com.st.stm32cube.ide.mcu.externaltools.gnu-tools-for-stm32.14.3.rel1.linux64_1.0.100.202602081740/tools/bin/../lib/gcc/arm-none-eabi/14.3.1/../../../../arm-none-eabi/lib/thumb/v6-m/nofp/crt0.o (exit)
/opt/stm32cubeide/plugins/com.st.stm32cube.ide.mcu.externaltools.gnu-tools-for-stm32.14.3.rel1.linux64_1.0.100.202602081740/tools/bin/../lib/gcc/arm-none-eabi/14.3.1/../../../../arm-none-eabi/lib/thumb/v6-m/nofp/libc_nano.a(libc_a-findfp.o)
                              /opt/stm32cubeide/plugins/com.st.stm32cube.ide.mcu.externaltools.gnu-tools-for-stm32.14.3.rel1.linux64_1.0.100.202602081740/tools/bin/../lib/gcc/arm-none-eabi/14.3.1/../../../../arm-none-eabi/lib/thumb/v6-m/nofp/libc_nano.a(libc_a-exit.o) (__stdio_exit_handler)
/opt/stm32cubeide/plugins/com.st.stm32cube.ide.mcu.externaltools.gnu-tools-for-stm32.14.3.rel1.linux64_1.0.100.202602081740/tools/bin/../lib/gcc/arm-none-eabi/14.3.1/../../../../arm-none-eabi/lib/thumb/v6-m/nofp/libc_nano.a(libc_a-fwalk.o)
                              /opt/stm32cubeide/plugins/com.st.stm32cube.ide.mcu.externaltools.gnu-tools-for-stm32.14.3.rel1.linux64_1.0.100.202602081740/tools/bin/../lib/gcc/arm-none-eabi/14.3.1/../../../../arm-none-eabi/lib/thumb/v6-m/nofp/libc_nano.a(libc_a-findfp.o) (_fwalk_sglue)
/opt/stm32cubeide/plugins/com.st.stm32cube.ide.mcu.externaltools.gnu-tools-for-stm32.14.3.rel1.linux64_1.0.100.202602081740/tools/bin/../lib/gcc/arm-none-eabi/14.3.1/../../../../arm-none-eabi/lib/thumb/v6-m/nofp/libc_nano.a(libc_a-stdio.o)
                              /opt/stm32cubeide/plugins/com.st.stm32cube.ide.mcu.externaltools.gnu-tools-for-stm32.14.3.rel1.linux64_1.0.100.202602081740/tools/bin/../lib/gcc/arm-none-eabi/14.3.1/../../../../arm-none-eabi/lib/thumb/v6-m/nofp/libc_nano.a(libc_a-findfp.o) (__sread)
/opt/stm32cubeide/plugins/com.st.stm32cube.ide.mcu.externaltools.gnu-tools-for-stm32.14.3.rel1.linux64_1.0.100.202602081740/tools/bin/../lib/gcc/arm-none-eabi/14.3.1/../../../../arm-none-eabi/lib/thumb/v6-m/nofp/libc_nano.a(libc_a-memset.o)
                              /opt/stm32cubeide/plugins/com.st.stm32cube.ide.mcu.externaltools.gnu-tools-for-stm32.14.3.rel1.linux64_1.0.100.202602081740/tools/bin/../lib/gcc/arm-none-eabi/14.3.1/../../../../arm-none-eabi/lib/thumb/v6-m/nofp/crt0.o (memset)
/opt/stm32cubeide/plugins/com.st.stm32cube.ide.mcu.externaltools.gnu-tools-for-stm32.14.3.rel1.linux64_1.0.100.202602081740/tools/bin/../lib/gcc/arm-none-eabi/14.3.1/../../../../arm-none-eabi/lib/thumb/v6-m/nofp/libc_nano.a(libc_a-closer.o)
                              /opt/stm32cubeide/plugins/com.st.stm32cube.ide.mcu.externaltools.gnu-tools-for-stm32.14.3.rel1.linux64_1.0.100.202602081740/tools/bin/../lib/gcc/arm-none-eabi/14.3.1/../../../../arm-none-eabi/lib/thumb/v6-m/nofp/libc_nano.a(libc_a-stdio.o) (_close_r)
/opt/stm32cubeide/plugins/com.st.stm32cube.ide.mcu.externaltools.gnu-tools-for-stm32.14.3.rel1.linux64_1.0.100.202602081740/tools/bin/../lib/gcc/arm-none-eabi/14.3.1/../../../../arm-none-eabi/lib/thumb/v6-m/nofp/libc_nano.a(libc_a-reent.o)
                              /opt/stm32cubeide/plugins/com.st.stm32cube.ide.mcu.externaltools.gnu-tools-for-stm32.14.3.rel1.linux64_1.0.100.202602081740/tools/bin/../lib/gcc/arm-none-eabi/14.3.1/../../../../arm-none-eabi/lib/thumb/v6-m/nofp/libc_nano.a(libc_a-closer.o) (errno)
/opt/stm32cubeide/plugins/com.st.stm32cube.ide.mcu.externaltools.gnu-tools-for-stm32.14.3.rel1.linux64_1.0.100.202602081740/tools/bin/../lib/gcc/arm-none-eabi/14.3.1/../../../../arm-none-eabi/lib/thumb/v6-m/nofp/libc_nano.a(libc_a-impure.o)
                              /opt/stm32cubeide/plugins/com.st.stm32cube.ide.mcu.externaltools.gnu-tools-for-stm32.14.3.rel1.linux64_1.0.100.202602081740/tools/bin/../lib/gcc/arm-none-eabi/14.3.1/../../../../arm-none-eabi/lib/thumb/v6-m/nofp/libc_nano.a(libc_a-reent.o) (_impure_ptr)
/opt/stm32cubeide/plugins/com.st.stm32cube.ide.mcu.externaltools.gnu-tools-for-stm32.14.3.rel1.linux64_1.0.100.202602081740/tools/bin/../lib/gcc/arm-none-eabi/14.3.1/../../../../arm-none-eabi/lib/thumb/v6-m/nofp/libc_nano.a(libc_a-lseekr.o)
                              /opt/stm32cubeide/plugins/com.st.stm32cube.ide.mcu.externaltools.gnu-tools-for-stm32.14.3.rel1.linux64_1.0.100.202602081740/tools/bin/../lib/gcc/arm-none-eabi/14.3.1/../../../../arm-none-eabi/lib/thumb/v6-m/nofp/libc_nano.a(libc_a-stdio.o) (_lseek_r)
/opt/stm32cubeide/plugins/com.st.stm32cube.ide.mcu.externaltools.gnu-tools-for-stm32.14.3.rel1.linux64_1.0.100.202602081740/tools/bin/../lib/gcc/arm-none-eabi/14.3.1/../../../../arm-none-eabi/lib/thumb/v6-m/nofp/libc_nano.a(libc_a-readr.o)
[...]
Memory Configuration

Name             Origin             Length             Attributes
RAM              0x20000000         0x00008000         xrw
FLASH            0x08000000         0x00040000         xr
*default*        0x00000000         0xffffffff

Linker script and memory map

LOAD /opt/stm32cubeide/plugins/com.st.stm32cube.ide.mcu.externaltools.gnu-tools-for-stm32.14.3.rel1.linux64_1.0.100.202602081740/tools/bin/../lib/gcc/arm-none-eabi/14.3.1/thumb/v6-m/nofp/crti.o
LOAD /opt/stm32cubeide/plugins/com.st.stm32cube.ide.mcu.externaltools.gnu-tools-for-stm32.14.3.rel1.linux64_1.0.100.202602081740/tools/bin/../lib/gcc/arm-none-eabi/14.3.1/thumb/v6-m/nofp/crtbegin.o
LOAD /opt/stm32cubeide/plugins/com.st.stm32cube.ide.mcu.externaltools.gnu-tools-for-stm32.14.3.rel1.linux64_1.0.100.202602081740/tools/bin/../lib/gcc/arm-none-eabi/14.3.1/../../../../arm-none-eabi/lib/thumb/v6-m/nofp/crt0.o
LOAD ./Core/Src/commands.o
LOAD ./Core/Src/display.o
LOAD ./Core/Src/main.o
LOAD ./Core/Src/stm32f0xx_hal_msp.o
LOAD ./Core/Src/stm32f0xx_it.o
LOAD ./Core/Src/syscalls.o
LOAD ./Core/Src/sysmem.o
LOAD ./Core/Src/system_stm32f0xx.o
LOAD ./Core/Startup/startup_stm32f091rctx.o
LOAD ./Drivers/STM32F0xx_HAL_Driver/Src/stm32f0xx_hal.o
LOAD ./Drivers/STM32F0xx_HAL_Driver/Src/stm32f0xx_hal_cortex.o
LOAD ./Drivers/STM32F0xx_HAL_Driver/Src/stm32f0xx_hal_dma.o
LOAD ./Drivers/STM32F0xx_HAL_Driver/Src/stm32f0xx_hal_exti.o
LOAD ./Drivers/STM32F0xx_HAL_Driver/Src/stm32f0xx_hal_flash.o
LOAD ./Drivers/STM32F0xx_HAL_Driver/Src/stm32f0xx_hal_flash_ex.o
LOAD ./Drivers/STM32F0xx_HAL_Driver/Src/stm32f0xx_hal_gpio.o
LOAD ./Drivers/STM32F0xx_HAL_Driver/Src/stm32f0xx_hal_i2c.o
LOAD ./Drivers/STM32F0xx_HAL_Driver/Src/stm32f0xx_hal_i2c_ex.o
LOAD ./Drivers/STM32F0xx_HAL_Driver/Src/stm32f0xx_hal_pwr.o
LOAD ./Drivers/STM32F0xx_HAL_Driver/Src/stm32f0xx_hal_pwr_ex.o
LOAD ./Drivers/STM32F0xx_HAL_Driver/Src/stm32f0xx_hal_rcc.o
LOAD ./Drivers/STM32F0xx_HAL_Driver/Src/stm32f0xx_hal_rcc_ex.o
LOAD ./Drivers/STM32F0xx_HAL_Driver/Src/stm32f0xx_hal_spi.o
LOAD ./Drivers/STM32F0xx_HAL_Driver/Src/stm32f0xx_hal_spi_ex.o
LOAD ./Drivers/STM32F0xx_HAL_Driver/Src/stm32f0xx_hal_uart.o
LOAD ./Drivers/STM32F0xx_HAL_Driver/Src/stm32f0xx_hal_uart_ex.o
START GROUP
LOAD /opt/stm32cubeide/plugins/com.st.stm32cube.ide.mcu.externaltools.gnu-tools-for-stm32.14.3.rel1.linux64_1.0.100.202602081740/tools/bin/../lib/gcc/arm-none-eabi/14.3.1/../../../../arm-none-eabi/lib/thumb/v6-m/nofp/libc_nano.a
LOAD /opt/stm32cubeide/plugins/com.st.stm32cube.ide.mcu.externaltools.gnu-tools-for-stm32.14.3.rel1.linux64_1.0.100.202602081740/tools/bin/../lib/gcc/arm-none-eabi/14.3.1/../../../../arm-none-eabi/lib/thumb/v6-m/nofp/libm.a
END GROUP
START GROUP
LOAD /opt/stm32cubeide/plugins/com.st.stm32cube.ide.mcu.externaltools.gnu-tools-for-stm32.14.3.rel1.linux64_1.0.100.202602081740/tools/bin/../lib/gcc/arm-none-eabi/14.3.1/thumb/v6-m/nofp/libgcc.a
LOAD /opt/stm32cubeide/plugins/com.st.stm32cube.ide.mcu.externaltools.gnu-tools-for-stm32.14.3.rel1.linux64_1.0.100.202602081740/tools/bin/../lib/gcc/arm-none-eabi/14.3.1/../../../../arm-none-eabi/lib/thumb/v6-m/nofp/libc_nano.a
END GROUP
START GROUP
LOAD /opt/stm32cubeide/plugins/com.st.stm32cube.ide.mcu.externaltools.gnu-tools-for-stm32.14.3.rel1.linux64_1.0.100.202602081740/tools/bin/../lib/gcc/arm-none-eabi/14.3.1/thumb/v6-m/nofp/libgcc.a
LOAD /opt/stm32cubeide/plugins/com.st.stm32cube.ide.mcu.externaltools.gnu-tools-for-stm32.14.3.rel1.linux64_1.0.100.202602081740/tools/bin/../lib/gcc/arm-none-eabi/14.3.1/../../../../arm-none-eabi/lib/thumb/v6-m/nofp/libc_nano.a
LOAD /opt/stm32cubeide/plugins/com.st.stm32cube.ide.mcu.externaltools.gnu-tools-for-stm32.14.3.rel1.linux64_1.0.100.202602081740/tools/bin/../lib/gcc/arm-none-eabi/14.3.1/../../../../arm-none-eabi/lib/thumb/v6-m/nofp/libnosys.a
END GROUP
START GROUP
LOAD /opt/stm32cubeide/plugins/com.st.stm32cube.ide.mcu.externaltools.gnu-tools-for-stm32.14.3.rel1.linux64_1.0.100.202602081740/tools/bin/../lib/gcc/arm-none-eabi/14.3.1/thumb/v6-m/nofp/libgcc.a
LOAD /opt/stm32cubeide/plugins/com.st.stm32cube.ide.mcu.externaltools.gnu-tools-for-stm32.14.3.rel1.linux64_1.0.100.202602081740/tools/bin/../lib/gcc/arm-none-eabi/14.3.1/../../../../arm-none-eabi/lib/thumb/v6-m/nofp/libc_nano.a
LOAD /opt/stm32cubeide/plugins/com.st.stm32cube.ide.mcu.externaltools.gnu-tools-for-stm32.14.3.rel1.linux64_1.0.100.202602081740/tools/bin/../lib/gcc/arm-none-eabi/14.3.1/../../../../arm-none-eabi/lib/thumb/v6-m/nofp/libnosys.a
END GROUP
LOAD /opt/stm32cubeide/plugins/com.st.stm32cube.ide.mcu.externaltools.gnu-tools-for-stm32.14.3.rel1.linux64_1.0.100.202602081740/tools/bin/../lib/gcc/arm-none-eabi/14.3.1/thumb/v6-m/nofp/crtend.o
LOAD /opt/stm32cubeide/plugins/com.st.stm32cube.ide.mcu.externaltools.gnu-tools-for-stm32.14.3.rel1.linux64_1.0.100.202602081740/tools/bin/../lib/gcc/arm-none-eabi/14.3.1/thumb/v6-m/nofp/crtn.o
                0x20008000                        _estack = (ORIGIN (RAM) + LENGTH (RAM))
                0x00000200                        _Min_Heap_Size = 0x200
                0x00000400                        _Min_Stack_Size = 0x400

.isr_vector     0x08000000       0xbc
                0x08000000                        . = ALIGN (0x4)
 *(.isr_vector)
 .isr_vector    0x08000000       0xbc ./Core/Startup/startup_stm32f091rctx.o
                0x08000000                g_pfnVectors
                0x080000bc                        . = ALIGN (0x4)

.text           0x080000bc     0x3e94
                0x080000bc                        . = ALIGN (0x4)
 *(.text)
 .text          0x080000bc       0x48 /opt/stm32cubeide/plugins/com.st.stm32cube.ide.mcu.externaltools.gnu-tools-for-stm32.14.3.rel1.linux64_1.0.100.202602081740/tools/bin/../lib/gcc/arm-none-eabi/14.3.1/thumb/v6-m/nofp/crtbegin.o
 .text          0x08000104      0x114 /opt/stm32cubeide/plugins/com.st.stm32cube.ide.mcu.externaltools.gnu-tools-for-stm32.14.3.rel1.linux64_1.0.100.202602081740/tools/bin/../lib/gcc/arm-none-eabi/14.3.1/thumb/v6-m/nofp/libgcc.a(_udivsi3.o)
                0x08000104                __udivsi3
                0x08000104                __aeabi_uidiv
                0x08000210                __aeabi_uidivmod
 .text          0x08000218        0x4 /opt/stm32cubeide/plugins/com.st.stm32cube.ide.mcu.externaltools.gnu-tools-for-stm32.14.3.rel1.linux64_1.0.100.202602081740/tools/bin/../lib/gcc/arm-none-eabi/14.3.1/thumb/v6-m/nofp/libgcc.a(_dvmd_tls.o)
                0x08000218                __aeabi_ldiv0
                0x08000218                __aeabi_idiv0
 *(.text*)
 .text.helpCMD  0x0800021c       0x1c ./Core/Src/commands.o
                0x0800021c                helpCMD
 .text.displayImageCMD
                0x08000238       0x1c ./Core/Src/commands.o
                0x08000238                displayImageCMD
 .text.stringsEqual
                0x08000254       0x42 ./Core/Src/commands.o
                0x08000254                stringsEqual
 *fill*         0x08000296        0x2 
 .text.getCommandBuffer
                0x08000298       0x10 ./Core/Src/commands.o
                0x08000298                getCommandBuffer
 .text.getCommandSize
                0x080002a8        0xc ./Core/Src/commands.o
                0x080002a8                getCommandSize
 .text.parseCommand
                0x080002b4       0xbc ./Core/Src/commands.o
                0x080002b4                parseCommand
 .text.HAL_UARTEx_RxEventCallback
                0x08000370       0x34 ./Core/Src/commands.o
                0x08000370                HAL_UARTEx_RxEventCallback
 .text.DISPLAY_RESET
                0x080003a4       0x34 ./Core/Src/display.o
                0x080003a4                DISPLAY_RESET
 .text.DISPLAY_SELECT
                0x080003d8       0x1a ./Core/Src/display.o
                0x080003d8                DISPLAY_SELECT
 .text.DISPLAY_DESELECT
                0x080003f2       0x1a ./Core/Src/display.o
                0x080003f2                DISPLAY_DESELECT
 .text.DISPLAY_CMD
                0x0800040c       0x3c ./Core/Src/display.o
                0x0800040c                DISPLAY_CMD
 .text.DISPLAY_DATA
                0x08000448       0x40 ./Core/Src/display.o
                0x08000448                DISPLAY_DATA
 .text.DISPLAY_INIT
                0x08000488       0xa4 ./Core/Src/display.o
                0x08000488                DISPLAY_INIT
 .text.main     0x0800052c       0x48 ./Core/Src/main.o
                0x0800052c                main
 .text.SystemClock_Config
                0x08000574       0xbe ./Core/Src/main.o
                0x08000574                SystemClock_Config
 *fill*         0x08000632        0x2 
 .text.MX_SPI1_Init
                0x08000634       0x7c ./Core/Src/main.o
 .text.MX_USART2_UART_Init
                0x080006b0       0x60 ./Core/Src/main.o
 .text.MX_DMA_Init
                0x08000710       0x3c ./Core/Src/main.o
 .text.MX_GPIO_Init
                0x0800074c      0x160 ./Core/Src/main.o
 .text.Error_Handler
                0x080008ac        0xc ./Core/Src/main.o
                0x080008ac                Error_Handler
 .text.HAL_MspInit
                0x080008b8       0x48 ./Core/Src/stm32f0xx_hal_msp.o
                0x080008b8                HAL_MspInit
 .text.HAL_SPI_MspInit
                0x08000900       0x98 ./Core/Src/stm32f0xx_hal_msp.o
                0x08000900                HAL_SPI_MspInit
 .text.HAL_UART_MspInit
                0x08000998      0x120 ./Core/Src/stm32f0xx_hal_msp.o
                0x08000998                HAL_UART_MspInit
 .text.NMI_Handler
                0x08000ab8        0x8 ./Core/Src/stm32f0xx_it.o
                0x08000ab8                NMI_Handler
 .text.HardFault_Handler
                0x08000ac0        0x8 ./Core/Src/stm32f0xx_it.o
                0x08000ac0                HardFault_Handler
 .text.SVC_Handler
                0x08000ac8        0xa ./Core/Src/stm32f0xx_it.o
                0x08000ac8                SVC_Handler
 .text.PendSV_Handler
                0x08000ad2        0xa ./Core/Src/stm32f0xx_it.o
                0x08000ad2                PendSV_Handler
 .text.SysTick_Handler
                0x08000adc        0xe ./Core/Src/stm32f0xx_it.o
                0x08000adc                SysTick_Handler
 *fill*         0x08000aea        0x2 
 .text.DMA1_Ch1_IRQHandler
                0x08000aec       0x18 ./Core/Src/stm32f0xx_it.o
                0x08000aec                DMA1_Ch1_IRQHandler
 .text.USART2_IRQHandler
                0x08000b04       0x18 ./Core/Src/stm32f0xx_it.o
                0x08000b04                USART2_IRQHandler
 .text.SystemInit
                0x08000b1c        0xa ./Core/Src/system_stm32f0xx.o
                0x08000b1c                SystemInit
 *fill*         0x08000b26        0x2 
 .text.Reset_Handler
                0x08000b28       0x50 ./Core/Startup/startup_stm32f091rctx.o
                0x08000b28                Reset_Handler
 .text.Default_Handler
                0x08000b78        0x2 ./Core/Startup/startup_stm32f091rctx.o
                0x08000b78                TIM1_CC_IRQHandler
                0x08000b78                TSC_IRQHandler
                0x08000b78                ADC1_COMP_IRQHandler
                0x08000b78                I2C1_IRQHandler
                0x08000b78                RCC_CRS_IRQHandler
                0x08000b78                SPI1_IRQHandler
                0x08000b78                TIM6_DAC_IRQHandler
                0x08000b78                EXTI2_3_IRQHandler
                0x08000b78                I2C2_IRQHandler
                0x08000b78                TIM17_IRQHandler
                0x08000b78                CEC_CAN_IRQHandler
                0x08000b78                RTC_IRQHandler
                0x08000b78                PVD_VDDIO2_IRQHandler
                0x08000b78                TIM16_IRQHandler
                0x08000b78                TIM3_IRQHandler
                0x08000b78                EXTI4_15_IRQHandler
                0x08000b78                USART3_8_IRQHandler
                0x08000b78                Default_Handler
                0x08000b78                TIM14_IRQHandler
                0x08000b78                TIM7_IRQHandler
                0x08000b78                TIM15_IRQHandler
                0x08000b78                EXTI0_1_IRQHandler
                0x08000b78                SPI2_IRQHandler
                0x08000b78                DMA1_Ch2_3_DMA2_Ch1_2_IRQHandler
                0x08000b78                DMA1_Ch4_7_DMA2_Ch3_5_IRQHandler
                0x08000b78                WWDG_IRQHandler
                0x08000b78                TIM2_IRQHandler
                0x08000b78                FLASH_IRQHandler
                0x08000b78                USART1_IRQHandler
                0x08000b78                TIM1_BRK_UP_TRG_COM_IRQHandler
 *fill*         0x08000b7a        0x2 
 .text.HAL_Init
                0x08000b7c       0x28 ./Drivers/STM32F0xx_HAL_Driver/Src/stm32f0xx_hal.o
                0x08000b7c                HAL_Init
 .text.HAL_InitTick
                0x08000ba4       0x68 ./Drivers/STM32F0xx_HAL_Driver/Src/stm32f0xx_hal.o
                0x08000ba4                HAL_InitTick
 .text.HAL_IncTick
                0x08000c0c       0x24 ./Drivers/STM32F0xx_HAL_Driver/Src/stm32f0xx_hal.o
                0x08000c0c                HAL_IncTick
 .text.HAL_GetTick
                0x08000c30       0x14 ./Drivers/STM32F0xx_HAL_Driver/Src/stm32f0xx_hal.o
                0x08000c30                HAL_GetTick
 .text.HAL_Delay
                0x08000c44       0x48 ./Drivers/STM32F0xx_HAL_Driver/Src/stm32f0xx_hal.o
                0x08000c44                HAL_Delay
 .text.__NVIC_EnableIRQ
                0x08000c8c       0x34 ./Drivers/STM32F0xx_HAL_Driver/Src/stm32f0xx_hal_cortex.o
 .text.__NVIC_SetPriority
                0x08000cc0       0xdc ./Drivers/STM32F0xx_HAL_Driver/Src/stm32f0xx_hal_cortex.o
 .text.SysTick_Config
                0x08000d9c       0x48 ./Drivers/STM32F0xx_HAL_Driver/Src/stm32f0xx_hal_cortex.o
 .text.HAL_NVIC_SetPriority
                0x08000de4       0x2a ./Drivers/STM32F0xx_HAL_Driver/Src/stm32f0xx_hal_cortex.o
                0x08000de4                HAL_NVIC_SetPriority
 .text.HAL_NVIC_EnableIRQ
                0x08000e0e       0x20 ./Drivers/STM32F0xx_HAL_Driver/Src/stm32f0xx_hal_cortex.o
                0x08000e0e                HAL_NVIC_EnableIRQ
 .text.HAL_SYSTICK_Config
                0x08000e2e       0x1a ./Drivers/STM32F0xx_HAL_Driver/Src/stm32f0xx_hal_cortex.o
                0x08000e2e                HAL_SYSTICK_Config
 .text.HAL_DMA_Init
                0x08000e48       0x90 ./Drivers/STM32F0xx_HAL_Driver/Src/stm32f0xx_hal_dma.o
                0x08000e48                HAL_DMA_Init
 .text.HAL_DMA_Start_IT
                0x08000ed8       0xcc ./Drivers/STM32F0xx_HAL_Driver/Src/stm32f0xx_hal_dma.o
                0x08000ed8                HAL_DMA_Start_IT
 .text.HAL_DMA_Abort
                0x08000fa4       0x70 ./Drivers/STM32F0xx_HAL_Driver/Src/stm32f0xx_hal_dma.o
                0x08000fa4                HAL_DMA_Abort
 .text.HAL_DMA_Abort_IT
                0x08001014       0x8a ./Drivers/STM32F0xx_HAL_Driver/Src/stm32f0xx_hal_dma.o
                0x08001014                HAL_DMA_Abort_IT
 .text.HAL_DMA_IRQHandler
                0x0800109e      0x144 ./Drivers/STM32F0xx_HAL_Driver/Src/stm32f0xx_hal_dma.o
                0x0800109e                HAL_DMA_IRQHandler
 .text.DMA_SetConfig
                0x080011e2       0x58 ./Drivers/STM32F0xx_HAL_Driver/Src/stm32f0xx_hal_dma.o
 *fill*         0x0800123a        0x2 
 .text.DMA_CalcBaseAndBitshift
                0x0800123c       0x74 ./Drivers/STM32F0xx_HAL_Driver/Src/stm32f0xx_hal_dma.o
 .text.HAL_GPIO_Init
                0x080012b0      0x2f0 ./Drivers/STM32F0xx_HAL_Driver/Src/stm32f0xx_hal_gpio.o
                0x080012b0                HAL_GPIO_Init
 .text.HAL_GPIO_WritePin
                0x080015a0       0x3a ./Drivers/STM32F0xx_HAL_Driver/Src/stm32f0xx_hal_gpio.o
                0x080015a0                HAL_GPIO_WritePin
 *fill*         0x080015da        0x2 
 .text.HAL_RCC_OscConfig
                0x080015dc      0x70c ./Drivers/STM32F0xx_HAL_Driver/Src/stm32f0xx_hal_rcc.o
                0x080015dc                HAL_RCC_OscConfig
 .text.HAL_RCC_ClockConfig
                0x08001ce8      0x1b4 ./Drivers/STM32F0xx_HAL_Driver/Src/stm32f0xx_hal_rcc.o
                0x08001ce8                HAL_RCC_ClockConfig
 .text.HAL_RCC_GetSysClockFreq
                0x08001e9c       0xe4 ./Drivers/STM32F0xx_HAL_Driver/Src/stm32f0xx_hal_rcc.o
                0x08001e9c                HAL_RCC_GetSysClockFreq
 .text.HAL_RCC_GetHCLKFreq
                0x08001f80       0x14 ./Drivers/STM32F0xx_HAL_Driver/Src/stm32f0xx_hal_rcc.o
                0x08001f80                HAL_RCC_GetHCLKFreq
 .text.HAL_RCC_GetPCLK1Freq
                0x08001f94       0x2c ./Drivers/STM32F0xx_HAL_Driver/Src/stm32f0xx_hal_rcc.o
                0x08001f94                HAL_RCC_GetPCLK1Freq
 .text.HAL_RCCEx_PeriphCLKConfig
                0x08001fc0      0x200 ./Drivers/STM32F0xx_HAL_Driver/Src/stm32f0xx_hal_rcc_ex.o
                0x08001fc0                HAL_RCCEx_PeriphCLKConfig
 .text.HAL_SPI_Init
                0x080021c0      0x170 ./Drivers/STM32F0xx_HAL_Driver/Src/stm32f0xx_hal_spi.o
                0x080021c0                HAL_SPI_Init
 .text.HAL_SPI_Transmit
                0x08002330      0x2be ./Drivers/STM32F0xx_HAL_Driver/Src/stm32f0xx_hal_spi.o
                0x08002330                HAL_SPI_Transmit
 *fill*         0x080025ee        0x2 
 .text.SPI_WaitFlagStateUntilTimeout
                0x080025f0      0x11c ./Drivers/STM32F0xx_HAL_Driver/Src/stm32f0xx_hal_spi.o
 .text.SPI_WaitFifoStateUntilTimeout
                0x0800270c      0x144 ./Drivers/STM32F0xx_HAL_Driver/Src/stm32f0xx_hal_spi.o
 .text.SPI_EndRxTxTransaction
                0x08002850       0x8c ./Drivers/STM32F0xx_HAL_Driver/Src/stm32f0xx_hal_spi.o
 .text.HAL_UART_Init
                0x080028dc       0xa8 ./Drivers/STM32F0xx_HAL_Driver/Src/stm32f0xx_hal_uart.o
                0x080028dc                HAL_UART_Init
 .text.HAL_UART_Transmit_IT
                0x08002984       0xe0 ./Drivers/STM32F0xx_HAL_Driver/Src/stm32f0xx_hal_uart.o
                0x08002984                HAL_UART_Transmit_IT
 .text.HAL_UART_IRQHandler
                0x08002a64      0x5c0 ./Drivers/STM32F0xx_HAL_Driver/Src/stm32f0xx_hal_uart.o
                0x08002a64                HAL_UART_IRQHandler
 .text.HAL_UART_TxCpltCallback
                0x08003024       0x10 ./Drivers/STM32F0xx_HAL_Driver/Src/stm32f0xx_hal_uart.o
                0x08003024                HAL_UART_TxCpltCallback
 .text.HAL_UART_RxCpltCallback
                0x08003034       0x10 ./Drivers/STM32F0xx_HAL_Driver/Src/stm32f0xx_hal_uart.o
                0x08003034                HAL_UART_RxCpltCallback
 .text.HAL_UART_RxHalfCpltCallback
                0x08003044       0x10 ./Drivers/STM32F0xx_HAL_Driver/Src/stm32f0xx_hal_uart.o
                0x08003044                HAL_UART_RxHalfCpltCallback
 .text.HAL_UART_ErrorCallback
                0x08003054       0x10 ./Drivers/STM32F0xx_HAL_Driver/Src/stm32f0xx_hal_uart.o
                0x08003054                HAL_UART_ErrorCallback
 .text.UART_SetConfig
                0x08003064      0x3d0 ./Drivers/STM32F0xx_HAL_Driver/Src/stm32f0xx_hal_uart.o
                0x08003064                UART_SetConfig
 .text.UART_AdvFeatureConfig
                0x08003434      0x168 ./Drivers/STM32F0xx_HAL_Driver/Src/stm32f0xx_hal_uart.o
                0x08003434                UART_AdvFeatureConfig
 .text.UART_CheckIdleState
                0x0800359c      0x150 ./Drivers/STM32F0xx_HAL_Driver/Src/stm32f0xx_hal_uart.o
                0x0800359c                UART_CheckIdleState
 .text.UART_WaitOnFlagUntilTimeout
                0x080036ec       0xde ./Drivers/STM32F0xx_HAL_Driver/Src/stm32f0xx_hal_uart.o
                0x080036ec                UART_WaitOnFlagUntilTimeout
 *fill*         0x080037ca        0x2 
 .text.UART_Start_Receive_DMA
                0x080037cc      0x140 ./Drivers/STM32F0xx_HAL_Driver/Src/stm32f0xx_hal_uart.o
                0x080037cc                UART_Start_Receive_DMA
 .text.UART_EndTxTransfer
                0x0800390c       0x48 ./Drivers/STM32F0xx_HAL_Driver/Src/stm32f0xx_hal_uart.o
 .text.UART_EndRxTransfer
                0x08003954       0xc8 ./Drivers/STM32F0xx_HAL_Driver/Src/stm32f0xx_hal_uart.o
 .text.UART_DMAReceiveCplt
                0x08003a1c      0x12c ./Drivers/STM32F0xx_HAL_Driver/Src/stm32f0xx_hal_uart.o
 .text.UART_DMARxHalfCplt
                0x08003b48       0x42 ./Drivers/STM32F0xx_HAL_Driver/Src/stm32f0xx_hal_uart.o
 .text.UART_DMAError
                0x08003b8a       0x84 ./Drivers/STM32F0xx_HAL_Driver/Src/stm32f0xx_hal_uart.o
 .text.UART_DMAAbortOnError
                0x08003c0e       0x2e ./Drivers/STM32F0xx_HAL_Driver/Src/stm32f0xx_hal_uart.o
 .text.UART_TxISR_8BIT
                0x08003c3c       0xb2 ./Drivers/STM32F0xx_HAL_Driver/Src/stm32f0xx_hal_uart.o
 .text.UART_TxISR_16BIT
                0x08003cee       0xbc ./Drivers/STM32F0xx_HAL_Driver/Src/stm32f0xx_hal_uart.o
 .text.UART_EndTransmit_IT
                0x08003daa       0x56 ./Drivers/STM32F0xx_HAL_Driver/Src/stm32f0xx_hal_uart.o
 .text.HAL_UARTEx_WakeupCallback
                0x08003e00       0x10 ./Drivers/STM32F0xx_HAL_Driver/Src/stm32f0xx_hal_uart_ex.o
                0x08003e00                HAL_UARTEx_WakeupCallback
 .text.HAL_UARTEx_ReceiveToIdle_DMA
                0x08003e10       0xd0 ./Drivers/STM32F0xx_HAL_Driver/Src/stm32f0xx_hal_uart_ex.o
                0x08003e10                HAL_UARTEx_ReceiveToIdle_DMA
 .text.memset   0x08003ee0       0x10 /opt/stm32cubeide/plugins/com.st.stm32cube.ide.mcu.externaltools.gnu-tools-for-stm32.14.3.rel1.linux64_1.0.100.202602081740/tools/bin/../lib/gcc/arm-none-eabi/14.3.1/../../../../arm-none-eabi/lib/thumb/v6-m/nofp/libc_nano.a(libc_a-memset.o)
                0x08003ee0                memset
 .text.__libc_init_array
                0x08003ef0       0x48 /opt/stm32cubeide/plugins/com.st.stm32cube.ide.mcu.externaltools.gnu-tools-for-stm32.14.3.rel1.linux64_1.0.100.202602081740/tools/bin/../lib/gcc/arm-none-eabi/14.3.1/../../../../arm-none-eabi/lib/thumb/v6-m/nofp/libc_nano.a(libc_a-init.o)
                0x08003ef0                __libc_init_array
 *(.glue_7)
 .glue_7        0x08003f38        0x0 linker stubs
 *(.glue_7t)
 .glue_7t       0x08003f38        0x0 linker stubs
 *(.eh_frame)
 .eh_frame      0x08003f38        0x0 /opt/stm32cubeide/plugins/com.st.stm32cube.ide.mcu.externaltools.gnu-tools-for-stm32.14.3.rel1.linux64_1.0.100.202602081740/tools/bin/../lib/gcc/arm-none-eabi/14.3.1/thumb/v6-m/nofp/crtbegin.o
 *(.init)
 .init          0x08003f38        0x4 /opt/stm32cubeide/plugins/com.st.stm32cube.ide.mcu.externaltools.gnu-tools-for-stm32.14.3.rel1.linux64_1.0.100.202602081740/tools/bin/../lib/gcc/arm-none-eabi/14.3.1/thumb/v6-m/nofp/crti.o
                0x08003f38                _init
 .init          0x08003f3c        0x8 /opt/stm32cubeide/plugins/com.st.stm32cube.ide.mcu.externaltools.gnu-tools-for-stm32.14.3.rel1.linux64_1.0.100.202602081740/tools/bin/../lib/gcc/arm-none-eabi/14.3.1/thumb/v6-m/nofp/crtn.o
 *(.fini)
 .fini          0x08003f44        0x4 /opt/stm32cubeide/plugins/com.st.stm32cube.ide.mcu.externaltools.gnu-tools-for-stm32.14.3.rel1.linux64_1.0.100.202602081740/tools/bin/../lib/gcc/arm-none-eabi/14.3.1/thumb/v6-m/nofp/crti.o
                0x08003f44                _fini
 .fini          0x08003f48        0x8 /opt/stm32cubeide/plugins/com.st.stm32cube.ide.mcu.externaltools.gnu-tools-for-stm32.14.3.rel1.linux64_1.0.100.202602081740/tools/bin/../lib/gcc/arm-none-eabi/14.3.1/thumb/v6-m/nofp/crtn.o
                0x08003f50                        . = ALIGN (0x4)
                0x08003f50                        _etext = .

.vfp11_veneer   0x08003f50        0x0
 .vfp11_veneer  0x08003f50        0x0 linker stubs

.v4_bx          0x08003f50        0x0
 .v4_bx         0x08003f50        0x0 linker stubs

.iplt           0x08003f50        0x0
 .iplt          0x08003f50        0x0 /opt/stm32cubeide/plugins/com.st.stm32cube.ide.mcu.externaltools.gnu-tools-for-stm32.14.3.rel1.linux64_1.0.100.202602081740/tools/bin/../lib/gcc/arm-none-eabi/14.3.1/thumb/v6-m/nofp/crtbegin.o

.rodata         0x08003f50      0x10c
                0x08003f50                        . = ALIGN (0x4)
 *(.rodata)
 .rodata        0x08003f50       0x21 ./Core/Src/commands.o
 *(.rodata*)
 *fill*         0x08003f71        0x3 
 .rodata.errorMsg
                0x08003f74       0x16 ./Core/Src/commands.o
                0x08003f74                errorMsg
 *fill*         0x08003f8a        0x2 
 .rodata.commands
                0x08003f8c       0x18 ./Core/Src/commands.o
                0x08003f8c                commands
 .rodata.msg.0  0x08003fa4       0x5e ./Core/Src/commands.o
 *fill*         0x08004002        0x2 
 .rodata.msg.1  0x08004004       0x1d ./Core/Src/commands.o
 *fill*         0x08004021        0x3 
 .rodata.AHBPrescTable
                0x08004024       0x10 ./Core/Src/system_stm32f0xx.o
                0x08004024                AHBPrescTable
 .rodata.APBPrescTable
                0x08004034        0x8 ./Core/Src/system_stm32f0xx.o
                0x08004034                APBPrescTable
 .rodata.aPLLMULFactorTable.1
                0x0800403c       0x10 ./Drivers/STM32F0xx_HAL_Driver/Src/stm32f0xx_hal_rcc.o
 .rodata.aPredivFactorTable.0
                0x0800404c       0x10 ./Drivers/STM32F0xx_HAL_Driver/Src/stm32f0xx_hal_rcc.o
                0x0800405c                        . = ALIGN (0x4)

.ARM.extab      0x0800405c        0x0
                0x0800405c                        . = ALIGN (0x4)
 *(.ARM.extab* .gnu.linkonce.armextab.*)
                0x0800405c                        . = ALIGN (0x4)

.ARM            0x0800405c        0x0
                0x0800405c                        . = ALIGN (0x4)
                0x0800405c                        __exidx_start = .
 *(.ARM.exidx*)
                0x0800405c                        __exidx_end = .
                0x0800405c                        . = ALIGN (0x4)

.preinit_array  0x0800405c        0x0
                0x0800405c                        . = ALIGN (0x4)
                0x0800405c                        PROVIDE (__preinit_array_start = .)
 *(.preinit_array*)
                0x0800405c                        PROVIDE (__preinit_array_end = .)
                0x0800405c                        . = ALIGN (0x4)

.init_array     0x0800405c        0x4
                0x0800405c                        . = ALIGN (0x4)
                0x0800405c                        PROVIDE (__init_array_start = .)
 *(SORT_BY_NAME(.init_array.*))
 *(.init_array*)
 .init_array    0x0800405c        0x4 /opt/stm32cubeide/plugins/com.st.stm32cube.ide.mcu.externaltools.gnu-tools-for-stm32.14.3.rel1.linux64_1.0.100.202602081740/tools/bin/../lib/gcc/arm-none-eabi/14.3.1/thumb/v6-m/nofp/crtbegin.o
                0x08004060                        PROVIDE (__init_array_end = .)
                0x08004060                        . = ALIGN (0x4)

.fini_array     0x08004060        0x4
                0x08004060                        . = ALIGN (0x4)
                [!provide]                        PROVIDE (__fini_array_start = .)
 *(SORT_BY_NAME(.fini_array.*))
 *(.fini_array*)
 .fini_array    0x08004060        0x4 /opt/stm32cubeide/plugins/com.st.stm32cube.ide.mcu.externaltools.gnu-tools-for-stm32.14.3.rel1.linux64_1.0.100.202602081740/tools/bin/../lib/gcc/arm-none-eabi/14.3.1/thumb/v6-m/nofp/crtbegin.o
                [!provide]                        PROVIDE (__fini_array_end = .)
                0x08004064                        . = ALIGN (0x4)
                0x08004064                        _sidata = LOADADDR (.data)

.rel.dyn        0x08004064        0x0
 .rel.iplt      0x08004064        0x0 /opt/stm32cubeide/plugins/com.st.stm32cube.ide.mcu.externaltools.gnu-tools-for-stm32.14.3.rel1.linux64_1.0.100.202602081740/tools/bin/../lib/gcc/arm-none-eabi/14.3.1/thumb/v6-m/nofp/crtbegin.o

.data           0x20000000        0xc load address 0x08004064
                0x20000000                        . = ALIGN (0x4)
                0x20000000                        _sdata = .
 *(.data)
 *(.data*)
 .data.SystemCoreClock
                0x20000000        0x4 ./Core/Src/system_stm32f0xx.o
                0x20000000                SystemCoreClock
 .data.uwTickPrio
                0x20000004        0x4 ./Drivers/STM32F0xx_HAL_Driver/Src/stm32f0xx_hal.o
                0x20000004                uwTickPrio
 .data.uwTickFreq
                0x20000008        0x1 ./Drivers/STM32F0xx_HAL_Driver/Src/stm32f0xx_hal.o
                0x20000008                uwTickFreq
 *(.RamFunc)
 *(.RamFunc*)
                0x2000000c                        . = ALIGN (0x4)
 *fill*         0x20000009        0x3 
                0x2000000c                        _edata = .

.igot.plt       0x2000000c        0x0 load address 0x08004070
 .igot.plt      0x2000000c        0x0 /opt/stm32cubeide/plugins/com.st.stm32cube.ide.mcu.externaltools.gnu-tools-for-stm32.14.3.rel1.linux64_1.0.100.202602081740/tools/bin/../lib/gcc/arm-none-eabi/14.3.1/thumb/v6-m/nofp/crtbegin.o
                0x2000000c                        . = ALIGN (0x4)

.bss            0x2000000c      0x250 load address 0x08004070
                0x2000000c                        _sbss = .
                0x2000000c                        __bss_start__ = _sbss
 *(.bss)
 .bss           0x2000000c       0x1c /opt/stm32cubeide/plugins/com.st.stm32cube.ide.mcu.externaltools.gnu-tools-for-stm32.14.3.rel1.linux64_1.0.100.202602081740/tools/bin/../lib/gcc/arm-none-eabi/14.3.1/thumb/v6-m/nofp/crtbegin.o
 *(.bss*)
 .bss.commandBuffer
                0x20000028       0xff ./Core/Src/commands.o
                0x20000028                commandBuffer
 *fill*         0x20000127        0x1 
 .bss.hspi1     0x20000128       0x64 ./Core/Src/main.o
                0x20000128                hspi1
 .bss.huart2    0x2000018c       0x88 ./Core/Src/main.o
                0x2000018c                huart2
 .bss.hdma_usart2_rx
                0x20000214       0x44 ./Core/Src/main.o
                0x20000214                hdma_usart2_rx
 .bss.uwTick    0x20000258        0x4 ./Drivers/STM32F0xx_HAL_Driver/Src/stm32f0xx_hal.o
                0x20000258                uwTick
 *(COMMON)
                0x2000025c                        . = ALIGN (0x4)
                0x2000025c                        _ebss = .
                0x2000025c                        __bss_end__ = _ebss

._user_heap_stack
                0x2000025c      0x604 load address 0x08004070
                0x20000260                        . = ALIGN (0x8)
 *fill*         0x2000025c        0x4 
                [!provide]                        PROVIDE (end = .)
                0x20000260                        PROVIDE (_end = .)
                0x20000460                        . = (. + _Min_Heap_Size)
 *fill*         0x20000260      0x200 
                0x20000860                        . = (. + _Min_Stack_Size)
 *fill*         0x20000460      0x400 
                0x20000860                        . = ALIGN (0x8)

/DISCARD/
 libc.a(*)
 libm.a(*)
 libgcc.a(*)

.ARM.attributes
                0x00000000       0x28
 *(.ARM.attributes)
 .ARM.attributes
                0x00000000       0x1e /opt/stm32cubeide/plugins/com.st.stm32cube.ide.mcu.externaltools.gnu-tools-for-stm32.14.3.rel1.linux64_1.0.100.202602081740/tools/bin/../lib/gcc/arm-none-eabi/14.3.1/thumb/v6-m/nofp/crti.o
 .ARM.attributes
                0x0000001e       0x2c /opt/stm32cubeide/plugins/com.st.stm32cube.ide.mcu.externaltools.gnu-tools-for-stm32.14.3.rel1.linux64_1.0.100.202602081740/tools/bin/../lib/gcc/arm-none-eabi/14.3.1/thumb/v6-m/nofp/crtbegin.o
 .ARM.attributes
                0x0000004a       0x2c ./Core/Src/commands.o
 .ARM.attributes
                0x00000076       0x2c ./Core/Src/display.o
 .ARM.attributes
                0x000000a2       0x2c ./Core/Src/main.o
 .ARM.attributes
                0x000000ce       0x2c ./Core/Src/stm32f0xx_hal_msp.o
 .ARM.attributes
                0x000000fa       0x2c ./Core/Src/stm32f0xx_it.o
 .ARM.attributes
                0x00000126       0x2c ./Core/Src/system_stm32f0xx.o
 .ARM.attributes
                0x00000152       0x21 ./Core/Startup/startup_stm32f091rctx.o
 .ARM.attributes
                0x00000173       0x2c ./Drivers/STM32F0xx_HAL_Driver/Src/stm32f0xx_hal.o
 .ARM.attributes
                0x0000019f       0x2c ./Drivers/STM32F0xx_HAL_Driver/Src/stm32f0xx_hal_cortex.o
 .ARM.attributes
                0x000001cb       0x2c ./Drivers/STM32F0xx_HAL_Driver/Src/stm32f0xx_hal_dma.o
 .ARM.attributes
                0x000001f7       0x2c ./Drivers/STM32F0xx_HAL_Driver/Src/stm32f0xx_hal_gpio.o
 .ARM.attributes
                0x00000223       0x2c ./Drivers/STM32F0xx_HAL_Driver/Src/stm32f0xx_hal_rcc.o
 .ARM.attributes
                0x0000024f       0x2c ./Drivers/STM32F0xx_HAL_Driver/Src/stm32f0xx_hal_rcc_ex.o
 .ARM.attributes
                0x0000027b       0x2c ./Drivers/STM32F0xx_HAL_Driver/Src/stm32f0xx_hal_spi.o
 .ARM.attributes
                0x000002a7       0x2c ./Drivers/STM32F0xx_HAL_Driver/Src/stm32f0xx_hal_uart.o
 .ARM.attributes
                0x000002d3       0x2c ./Drivers/STM32F0xx_HAL_Driver/Src/stm32f0xx_hal_uart_ex.o
 .ARM.attributes
                0x000002ff       0x2c /opt/stm32cubeide/plugins/com.st.stm32cube.ide.mcu.externaltools.gnu-tools-for-stm32.14.3.rel1.linux64_1.0.100.202602081740/tools/bin/../lib/gcc/arm-none-eabi/14.3.1/../../../../arm-none-eabi/lib/thumb/v6-m/nofp/libc_nano.a(libc_a-memset.o)
 .ARM.attributes
                0x0000032b       0x2c /opt/stm32cubeide/plugins/com.st.stm32cube.ide.mcu.externaltools.gnu-tools-for-stm32.14.3.rel1.linux64_1.0.100.202602081740/tools/bin/../lib/gcc/arm-none-eabi/14.3.1/../../../../arm-none-eabi/lib/thumb/v6-m/nofp/libc_nano.a(libc_a-init.o)
 .ARM.attributes
                0x00000357       0x1e /opt/stm32cubeide/plugins/com.st.stm32cube.ide.mcu.externaltools.gnu-tools-for-stm32.14.3.rel1.linux64_1.0.100.202602081740/tools/bin/../lib/gcc/arm-none-eabi/14.3.1/thumb/v6-m/nofp/libgcc.a(_udivsi3.o)
 .ARM.attributes
                0x00000375       0x1e /opt/stm32cubeide/plugins/com.st.stm32cube.ide.mcu.externaltools.gnu-tools-for-stm32.14.3.rel1.linux64_1.0.100.202602081740/tools/bin/../lib/gcc/arm-none-eabi/14.3.1/thumb/v6-m/nofp/libgcc.a(_dvmd_tls.o)
 .ARM.attributes
                0x00000393       0x1e /opt/stm32cubeide/plugins/com.st.stm32cube.ide.mcu.externaltools.gnu-tools-for-stm32.14.3.rel1.linux64_1.0.100.202602081740/tools/bin/../lib/gcc/arm-none-eabi/14.3.1/thumb/v6-m/nofp/crtn.o
OUTPUT(Display-ST7796.elf elf32-littlearm)
LOAD linker stubs
LOAD /opt/stm32cubeide/plugins/com.st.stm32cube.ide.mcu.externaltools.gnu-tools-for-stm32.14.3.rel1.linux64_1.0.100.202602081740/tools/bin/../lib/gcc/arm-none-eabi/14.3.1/../../../../arm-none-eabi/lib/thumb/v6-m/nofp/libc.a
LOAD /opt/stm32cubeide/plugins/com.st.stm32cube.ide.mcu.externaltools.gnu-tools-for-stm32.14.3.rel1.linux64_1.0.100.202602081740/tools/bin/../lib/gcc/arm-none-eabi/14.3.1/../../../../arm-none-eabi/lib/thumb/v6-m/nofp/libm.a
LOAD /opt/stm32cubeide/plugins/com.st.stm32cube.ide.mcu.externaltools.gnu-tools-for-stm32.14.3.rel1.linux64_1.0.100.202602081740/tools/bin/../lib/gcc/arm-none-eabi/14.3.1/thumb/v6-m/nofp/libgcc.a

.debug_info     0x00000000     0xd6cd
 .debug_info    0x00000000      0xca9 ./Core/Src/commands.o
 .debug_info    0x00000ca9      0xb15 ./Core/Src/display.o
 .debug_info    0x000017be     0x215b ./Core/Src/main.o
 .debug_info    0x00003919      0xdd8 ./Core/Src/stm32f0xx_hal_msp.o
 .debug_info    0x000046f1      0x708 ./Core/Src/stm32f0xx_it.o
 .debug_info    0x00004df9      0x242 ./Core/Src/system_stm32f0xx.o
 .debug_info    0x0000503b       0x30 ./Core/Startup/startup_stm32f091rctx.o
 .debug_info    0x0000506b      0x6c3 ./Drivers/STM32F0xx_HAL_Driver/Src/stm32f0xx_hal.o
 .debug_info    0x0000572e      0x6bf ./Drivers/STM32F0xx_HAL_Driver/Src/stm32f0xx_hal_cortex.o
 .debug_info    0x00005ded      0x712 ./Drivers/STM32F0xx_HAL_Driver/Src/stm32f0xx_hal_dma.o
 .debug_info    0x000064ff      0x5e6 ./Drivers/STM32F0xx_HAL_Driver/Src/stm32f0xx_hal_gpio.o
 .debug_info    0x00006ae5      0x83f ./Drivers/STM32F0xx_HAL_Driver/Src/stm32f0xx_hal_rcc.o
 .debug_info    0x00007324      0x5e7 ./Drivers/STM32F0xx_HAL_Driver/Src/stm32f0xx_hal_rcc_ex.o
 .debug_info    0x0000790b     0x1640 ./Drivers/STM32F0xx_HAL_Driver/Src/stm32f0xx_hal_spi.o
 .debug_info    0x00008f4b     0x3acc ./Drivers/STM32F0xx_HAL_Driver/Src/stm32f0xx_hal_uart.o
 .debug_info    0x0000ca17      0xcb6 ./Drivers/STM32F0xx_HAL_Driver/Src/stm32f0xx_hal_uart_ex.o

.debug_abbrev   0x00000000     0x212b
 .debug_abbrev  0x00000000      0x24d ./Core/Src/commands.o
 .debug_abbrev  0x0000024d      0x257 ./Core/Src/display.o
 .debug_abbrev  0x000004a4      0x2c0 ./Core/Src/main.o
 .debug_abbrev  0x00000764      0x209 ./Core/Src/stm32f0xx_hal_msp.o
 .debug_abbrev  0x0000096d      0x187 ./Core/Src/stm32f0xx_it.o
 .debug_abbrev  0x00000af4      0x11c ./Core/Src/system_stm32f0xx.o
 .debug_abbrev  0x00000c10       0x24 ./Core/Startup/startup_stm32f091rctx.o
 .debug_abbrev  0x00000c34      0x213 ./Drivers/STM32F0xx_HAL_Driver/Src/stm32f0xx_hal.o
 .debug_abbrev  0x00000e47      0x28c ./Drivers/STM32F0xx_HAL_Driver/Src/stm32f0xx_hal_cortex.o
 .debug_abbrev  0x000010d3      0x236 ./Drivers/STM32F0xx_HAL_Driver/Src/stm32f0xx_hal_dma.o
 .debug_abbrev  0x00001309      0x1da ./Drivers/STM32F0xx_HAL_Driver/Src/stm32f0xx_hal_gpio.o
 .debug_abbrev  0x000014e3      0x28c ./Drivers/STM32F0xx_HAL_Driver/Src/stm32f0xx_hal_rcc.o
 .debug_abbrev  0x0000176f      0x1a7 ./Drivers/STM32F0xx_HAL_Driver/Src/stm32f0xx_hal_rcc_ex.o
 .debug_abbrev  0x00001916      0x27b ./Drivers/STM32F0xx_HAL_Driver/Src/stm32f0xx_hal_spi.o
 .debug_abbrev  0x00001b91      0x2df ./Drivers/STM32F0xx_HAL_Driver/Src/stm32f0xx_hal_uart.o
 .debug_abbrev  0x00001e70      0x2bb ./Drivers/STM32F0xx_HAL_Driver/Src/stm32f0xx_hal_uart_ex.o

.debug_aranges  0x00000000      0x9b8
 .debug_aranges
                0x00000000       0x58 ./Core/Src/commands.o
 .debug_aranges
                0x00000058       0x58 ./Core/Src/display.o
 .debug_aranges
                0x000000b0       0x50 ./Core/Src/main.o
 .debug_aranges
                0x00000100       0x40 ./Core/Src/stm32f0xx_hal_msp.o
 .debug_aranges
                0x00000140       0x50 ./Core/Src/stm32f0xx_it.o
 .debug_aranges
                0x00000190       0x28 ./Core/Src/system_stm32f0xx.o
 .debug_aranges
                0x000001b8       0x28 ./Core/Startup/startup_stm32f091rctx.o
 .debug_aranges
                0x000001e0       0xd0 ./Drivers/STM32F0xx_HAL_Driver/Src/stm32f0xx_hal.o
 .debug_aranges
                0x000002b0       0xc0 ./Drivers/STM32F0xx_HAL_Driver/Src/stm32f0xx_hal_cortex.o
 .debug_aranges
                0x00000370       0x88 ./Drivers/STM32F0xx_HAL_Driver/Src/stm32f0xx_hal_dma.o
 .debug_aranges
                0x000003f8       0x58 ./Drivers/STM32F0xx_HAL_Driver/Src/stm32f0xx_hal_gpio.o
 .debug_aranges
                0x00000450       0x80 ./Drivers/STM32F0xx_HAL_Driver/Src/stm32f0xx_hal_rcc.o
 .debug_aranges
                0x000004d0       0x78 ./Drivers/STM32F0xx_HAL_Driver/Src/stm32f0xx_hal_rcc_ex.o
 .debug_aranges
                0x00000548      0x1d8 ./Drivers/STM32F0xx_HAL_Driver/Src/stm32f0xx_hal_spi.o
 .debug_aranges
                0x00000720      0x228 ./Drivers/STM32F0xx_HAL_Driver/Src/stm32f0xx_hal_uart.o
 .debug_aranges
                0x00000948       0x70 ./Drivers/STM32F0xx_HAL_Driver/Src/stm32f0xx_hal_uart_ex.o

.debug_rnglists
                0x00000000      0x78e
 .debug_rnglists
                0x00000000       0x3e ./Core/Src/commands.o
 .debug_rnglists
                0x0000003e       0x4f ./Core/Src/display.o
 .debug_rnglists
                0x0000008d       0x39 ./Core/Src/main.o
 .debug_rnglists
                0x000000c6       0x2d ./Core/Src/stm32f0xx_hal_msp.o
 .debug_rnglists
                0x000000f3       0x37 ./Core/Src/stm32f0xx_it.o
 .debug_rnglists
                0x0000012a       0x1a ./Core/Src/system_stm32f0xx.o
 .debug_rnglists
                0x00000144       0x19 ./Core/Startup/startup_stm32f091rctx.o
 .debug_rnglists
                0x0000015d       0x97 ./Drivers/STM32F0xx_HAL_Driver/Src/stm32f0xx_hal.o
 .debug_rnglists
                0x000001f4       0x8c ./Drivers/STM32F0xx_HAL_Driver/Src/stm32f0xx_hal_cortex.o
 .debug_rnglists
                0x00000280       0x6a ./Drivers/STM32F0xx_HAL_Driver/Src/stm32f0xx_hal_dma.o
 .debug_rnglists
                0x000002ea       0x3f ./Drivers/STM32F0xx_HAL_Driver/Src/stm32f0xx_hal_gpio.o
 .debug_rnglists
                0x00000329       0x61 ./Drivers/STM32F0xx_HAL_Driver/Src/stm32f0xx_hal_rcc.o
 .debug_rnglists
                0x0000038a       0x5b ./Drivers/STM32F0xx_HAL_Driver/Src/stm32f0xx_hal_rcc_ex.o
 .debug_rnglists
                0x000003e5      0x17a ./Drivers/STM32F0xx_HAL_Driver/Src/stm32f0xx_hal_spi.o
 .debug_rnglists
                0x0000055f      0x1db ./Drivers/STM32F0xx_HAL_Driver/Src/stm32f0xx_hal_uart.o
 .debug_rnglists
                0x0000073a       0x54 ./Drivers/STM32F0xx_HAL_Driver/Src/stm32f0xx_hal_uart_ex.o

.debug_macro    0x00000000    0x1b3f0
 .debug_macro   0x00000000      0x202 ./Core/Src/commands.o
 .debug_macro   0x00000202      0xaae ./Core/Src/commands.o
 .debug_macro   0x00000cb0      0x133 ./Core/Src/commands.o
 .debug_macro   0x00000de3       0x2e ./Core/Src/commands.o
 .debug_macro   0x00000e11       0x22 ./Core/Src/commands.o
 .debug_macro   0x00000e33       0x22 ./Core/Src/commands.o
 .debug_macro   0x00000e55       0x8e ./Core/Src/commands.o
 .debug_macro   0x00000ee3       0x51 ./Core/Src/commands.o
 .debug_macro   0x00000f34      0x103 ./Core/Src/commands.o
 .debug_macro   0x00001037       0x6a ./Core/Src/commands.o
 .debug_macro   0x000010a1      0x1df ./Core/Src/commands.o
 .debug_macro   0x00001280       0x1c ./Core/Src/commands.o
 .debug_macro   0x0000129c       0x22 ./Core/Src/commands.o
 .debug_macro   0x000012be       0xaf ./Core/Src/commands.o
 .debug_macro   0x0000136d      0x391 ./Core/Src/commands.o
 .debug_macro   0x000016fe    0x10e6b ./Core/Src/commands.o
 .debug_macro   0x00012569       0x66 ./Core/Src/commands.o
 .debug_macro   0x000125cf     0x34da ./Core/Src/commands.o
 .debug_macro   0x00015aa9      0x190 ./Core/Src/commands.o
 .debug_macro   0x00015c39       0x55 ./Core/Src/commands.o
 .debug_macro   0x00015c8e      0x946 ./Core/Src/commands.o
 .debug_macro   0x000165d4      0x69b ./Core/Src/commands.o
 .debug_macro   0x00016c6f      0x1ae ./Core/Src/commands.o
 .debug_macro   0x00016e1d      0x202 ./Core/Src/commands.o
 .debug_macro   0x0001701f      0x1a7 ./Core/Src/commands.o
 .debug_macro   0x000171c6      0x1bc ./Core/Src/commands.o
 .debug_macro   0x00017382      0x4cf ./Core/Src/commands.o
 .debug_macro   0x00017851       0x3c ./Core/Src/commands.o
 .debug_macro   0x0001788d       0x28 ./Core/Src/commands.o
 .debug_macro   0x000178b5       0xb0 ./Core/Src/commands.o
 .debug_macro   0x00017965      0x23f ./Core/Src/commands.o
 .debug_macro   0x00017ba4      0x22c ./Core/Src/commands.o
 .debug_macro   0x00017dd0       0x61 ./Core/Src/commands.o
 .debug_macro   0x00017e31       0xa5 ./Core/Src/commands.o
 .debug_macro   0x00017ed6       0x4c ./Core/Src/commands.o
 .debug_macro   0x00017f22      0x16d ./Core/Src/commands.o
 .debug_macro   0x0001808f      0x2fe ./Core/Src/commands.o
 .debug_macro   0x0001838d      0x5ba ./Core/Src/commands.o
 .debug_macro   0x00018947       0x44 ./Core/Src/commands.o
 .debug_macro   0x0001898b      0x435 ./Core/Src/commands.o
 .debug_macro   0x00018dc0       0x70 ./Core/Src/commands.o
 .debug_macro   0x00018e30       0x22 ./Core/Src/commands.o
 .debug_macro   0x00018e52       0x34 ./Core/Src/commands.o
 .debug_macro   0x00018e86      0x2ca ./Core/Src/display.o
 .debug_macro   0x00019150       0x61 ./Core/Src/display.o
 .debug_macro   0x000191b1       0x24 ./Core/Src/display.o
 .debug_macro   0x000191d5       0x43 ./Core/Src/display.o
 .debug_macro   0x00019218       0x34 ./Core/Src/display.o
 .debug_macro   0x0001924c      0x364 ./Core/Src/display.o
 .debug_macro   0x000195b0       0x16 ./Core/Src/display.o
 .debug_macro   0x000195c6       0x4a ./Core/Src/display.o
 .debug_macro   0x00019610       0x34 ./Core/Src/display.o
 .debug_macro   0x00019644       0x10 ./Core/Src/display.o
 .debug_macro   0x00019654       0x58 ./Core/Src/display.o
 .debug_macro   0x000196ac       0x8e ./Core/Src/display.o
 .debug_macro   0x0001973a       0x1c ./Core/Src/display.o
 .debug_macro   0x00019756      0x17e ./Core/Src/display.o
 .debug_macro   0x000198d4       0x10 ./Core/Src/display.o
 .debug_macro   0x000198e4       0x3c ./Core/Src/display.o
 .debug_macro   0x00019920       0x20 ./Core/Src/display.o
 .debug_macro   0x00019940      0x4f0 ./Core/Src/main.o
 .debug_macro   0x00019e30      0x1d2 ./Core/Src/stm32f0xx_hal_msp.o
 .debug_macro   0x0001a002      0x1dc ./Core/Src/stm32f0xx_it.o
 .debug_macro   0x0001a1de      0x1c3 ./Core/Src/system_stm32f0xx.o
 .debug_macro   0x0001a3a1      0x1e7 ./Drivers/STM32F0xx_HAL_Driver/Src/stm32f0xx_hal.o
 .debug_macro   0x0001a588      0x1c3 ./Drivers/STM32F0xx_HAL_Driver/Src/stm32f0xx_hal_cortex.o
 .debug_macro   0x0001a74b      0x1c3 ./Drivers/STM32F0xx_HAL_Driver/Src/stm32f0xx_hal_dma.o
 .debug_macro   0x0001a90e      0x1ca ./Drivers/STM32F0xx_HAL_Driver/Src/stm32f0xx_hal_gpio.o
 .debug_macro   0x0001aad8      0x1d5 ./Drivers/STM32F0xx_HAL_Driver/Src/stm32f0xx_hal_rcc.o
 .debug_macro   0x0001acad      0x1d5 ./Drivers/STM32F0xx_HAL_Driver/Src/stm32f0xx_hal_rcc_ex.o
 .debug_macro   0x0001ae82      0x1cb ./Drivers/STM32F0xx_HAL_Driver/Src/stm32f0xx_hal_spi.o
 .debug_macro   0x0001b04d      0x1e0 ./Drivers/STM32F0xx_HAL_Driver/Src/stm32f0xx_hal_uart.o
 .debug_macro   0x0001b22d      0x1c3 ./Drivers/STM32F0xx_HAL_Driver/Src/stm32f0xx_hal_uart_ex.o

.debug_line     0x00000000     0xd7fd
 .debug_line    0x00000000      0x7e6 ./Core/Src/commands.o
 .debug_line    0x000007e6      0xbde ./Core/Src/display.o
 .debug_line    0x000013c4     0x1431 ./Core/Src/main.o
 .debug_line    0x000027f5      0x74c ./Core/Src/stm32f0xx_hal_msp.o
 .debug_line    0x00002f41      0x714 ./Core/Src/stm32f0xx_it.o
 .debug_line    0x00003655      0x70f ./Core/Src/system_stm32f0xx.o
 .debug_line    0x00003d64       0x7b ./Core/Startup/startup_stm32f091rctx.o
 .debug_line    0x00003ddf      0x909 ./Drivers/STM32F0xx_HAL_Driver/Src/stm32f0xx_hal.o
 .debug_line    0x000046e8      0x9ae ./Drivers/STM32F0xx_HAL_Driver/Src/stm32f0xx_hal_cortex.o
 .debug_line    0x00005096      0xc2b ./Drivers/STM32F0xx_HAL_Driver/Src/stm32f0xx_hal_dma.o
 .debug_line    0x00005cc1      0xa80 ./Drivers/STM32F0xx_HAL_Driver/Src/stm32f0xx_hal_gpio.o
 .debug_line    0x00006741      0xe4b ./Drivers/STM32F0xx_HAL_Driver/Src/stm32f0xx_hal_rcc.o
 .debug_line    0x0000758c      0xb9b ./Drivers/STM32F0xx_HAL_Driver/Src/stm32f0xx_hal_rcc_ex.o
 .debug_line    0x00008127     0x1f25 ./Drivers/STM32F0xx_HAL_Driver/Src/stm32f0xx_hal_spi.o
 .debug_line    0x0000a04c     0x2cdd ./Drivers/STM32F0xx_HAL_Driver/Src/stm32f0xx_hal_uart.o
 .debug_line    0x0000cd29      0xad4 ./Drivers/STM32F0xx_HAL_Driver/Src/stm32f0xx_hal_uart_ex.o

.debug_str      0x00000000    0xa4687
 .debug_str     0x00000000    0xa4687 ./Core/Src/commands.o
                              0x9d1e6 (size before relaxing)
 .debug_str     0x000a4687    0xa01d4 ./Core/Src/display.o
 .debug_str     0x000a4687    0x9f81a ./Core/Src/main.o
 .debug_str     0x000a4687    0x9d225 ./Core/Src/stm32f0xx_hal_msp.o
 .debug_str     0x000a4687    0x9cd7d ./Core/Src/stm32f0xx_it.o
 .debug_str     0x000a4687    0x9c77f ./Core/Src/system_stm32f0xx.o
 .debug_str     0x000a4687       0x8c ./Core/Startup/startup_stm32f091rctx.o
 .debug_str     0x000a4687    0x9cd6f ./Drivers/STM32F0xx_HAL_Driver/Src/stm32f0xx_hal.o
 .debug_str     0x000a4687    0x9cb60 ./Drivers/STM32F0xx_HAL_Driver/Src/stm32f0xx_hal_cortex.o
 .debug_str     0x000a4687    0x9cb35 ./Drivers/STM32F0xx_HAL_Driver/Src/stm32f0xx_hal_dma.o
 .debug_str     0x000a4687    0x9c935 ./Drivers/STM32F0xx_HAL_Driver/Src/stm32f0xx_hal_gpio.o
 .debug_str     0x000a4687    0x9cbc6 ./Drivers/STM32F0xx_HAL_Driver/Src/stm32f0xx_hal_rcc.o
 .debug_str     0x000a4687    0x9cb62 ./Drivers/STM32F0xx_HAL_Driver/Src/stm32f0xx_hal_rcc_ex.o
 .debug_str     0x000a4687    0x9d0ff ./Drivers/STM32F0xx_HAL_Driver/Src/stm32f0xx_hal_spi.o
 .debug_str     0x000a4687    0x9d4f3 ./Drivers/STM32F0xx_HAL_Driver/Src/stm32f0xx_hal_uart.o
 .debug_str     0x000a4687    0x9ce24 ./Drivers/STM32F0xx_HAL_Driver/Src/stm32f0xx_hal_uart_ex.o

.comment        0x00000000       0x43
 .comment       0x00000000       0x43 ./Core/Src/commands.o
                                 0x44 (size before relaxing)
 .comment       0x00000043       0x44 ./Core/Src/display.o
 .comment       0x00000043       0x44 ./Core/Src/main.o
 .comment       0x00000043       0x44 ./Core/Src/stm32f0xx_hal_msp.o
 .comment       0x00000043       0x44 ./Core/Src/stm32f0xx_it.o
 .comment       0x00000043       0x44 ./Core/Src/system_stm32f0xx.o
 .comment       0x00000043       0x44 ./Drivers/STM32F0xx_HAL_Driver/Src/stm32f0xx_hal.o
 .comment       0x00000043       0x44 ./Drivers/STM32F0xx_HAL_Driver/Src/stm32f0xx_hal_cortex.o
 .comment       0x00000043       0x44 ./Drivers/STM32F0xx_HAL_Driver/Src/stm32f0xx_hal_dma.o
 .comment       0x00000043       0x44 ./Drivers/STM32F0xx_HAL_Driver/Src/stm32f0xx_hal_gpio.o
 .comment       0x00000043       0x44 ./Drivers/STM32F0xx_HAL_Driver/Src/stm32f0xx_hal_rcc.o
 .comment       0x00000043       0x44 ./Drivers/STM32F0xx_HAL_Driver/Src/stm32f0xx_hal_rcc_ex.o
 .comment       0x00000043       0x44 ./Drivers/STM32F0xx_HAL_Driver/Src/stm32f0xx_hal_spi.o
 .comment       0x00000043       0x44 ./Drivers/STM32F0xx_HAL_Driver/Src/stm32f0xx_hal_uart.o
 .comment       0x00000043       0x44 ./Drivers/STM32F0xx_HAL_Driver/Src/stm32f0xx_hal_uart_ex.o

.debug_frame    0x00000000     0x2140
 .debug_frame   0x00000000      0x108 ./Core/Src/commands.o
 .debug_frame   0x00000108      0x108 ./Core/Src/display.o
 .debug_frame   0x00000210       0xe4 ./Core/Src/main.o
 .debug_frame   0x000002f4       0xb0 ./Core/Src/stm32f0xx_hal_msp.o
 .debug_frame   0x000003a4       0xd4 ./Core/Src/stm32f0xx_it.o
 .debug_frame   0x00000478       0x4c ./Core/Src/system_stm32f0xx.o
 .debug_frame   0x000004c4      0x2a4 ./Drivers/STM32F0xx_HAL_Driver/Src/stm32f0xx_hal.o
 .debug_frame   0x00000768      0x2a0 ./Drivers/STM32F0xx_HAL_Driver/Src/stm32f0xx_hal_cortex.o
 .debug_frame   0x00000a08      0x1d0 ./Drivers/STM32F0xx_HAL_Driver/Src/stm32f0xx_hal_dma.o
 .debug_frame   0x00000bd8      0x110 ./Drivers/STM32F0xx_HAL_Driver/Src/stm32f0xx_hal_gpio.o
 .debug_frame   0x00000ce8      0x198 ./Drivers/STM32F0xx_HAL_Driver/Src/stm32f0xx_hal_rcc.o
 .debug_frame   0x00000e80      0x180 ./Drivers/STM32F0xx_HAL_Driver/Src/stm32f0xx_hal_rcc_ex.o
 .debug_frame   0x00001000      0x710 ./Drivers/STM32F0xx_HAL_Driver/Src/stm32f0xx_hal_spi.o
 .debug_frame   0x00001710      0x850 ./Drivers/STM32F0xx_HAL_Driver/Src/stm32f0xx_hal_uart.o
 .debug_frame   0x00001f60      0x174 ./Drivers/STM32F0xx_HAL_Driver/Src/stm32f0xx_hal_uart_ex.o
 .debug_frame   0x000020d4       0x20 /opt/stm32cubeide/plugins/com.st.stm32cube.ide.mcu.externaltools.gnu-tools-for-stm32.14.3.rel1.linux64_1.0.100.202602081740/tools/bin/../lib/gcc/arm-none-eabi/14.3.1/../../../../arm-none-eabi/lib/thumb/v6-m/nofp/libc_nano.a(libc_a-memset.o)
 .debug_frame   0x000020f4       0x2c /opt/stm32cubeide/plugins/com.st.stm32cube.ide.mcu.externaltools.gnu-tools-for-stm32.14.3.rel1.linux64_1.0.100.202602081740/tools/bin/../lib/gcc/arm-none-eabi/14.3.1/../../../../arm-none-eabi/lib/thumb/v6-m/nofp/libc_nano.a(libc_a-init.o)
 .debug_frame   0x00002120       0x20 /opt/stm32cubeide/plugins/com.st.stm32cube.ide.mcu.externaltools.gnu-tools-for-stm32.14.3.rel1.linux64_1.0.100.202602081740/tools/bin/../lib/gcc/arm-none-eabi/14.3.1/thumb/v6-m/nofp/libgcc.a(_udivsi3.o)

.debug_line_str
                0x00000000       0x70
 .debug_line_str
                0x00000000       0x70 ./Core/Startup/startup_stm32f091rctx.o
