../Core/Src/commands.c:186:6:commandsInit	16	static
../Core/Src/commands.c:188:10:getCommandBuffer	8	static
../Core/Src/commands.c:190:8:getCommandSize	8	static
../Core/Src/commands.c:196:19:helpCMD	24	static
../Core/Src/commands.c:204:19:displayImageCMD	40	static
../Core/Src/commands.c:218:19:refreshCMD	32	static
../Core/Src/commands.c:230:19:orCMD	24	static
../Core/Src/commands.c:257:6:stringsEqual	24	static
../Core/Src/commands.c:268:6:parseCommand	40	static
../Core/Src/commands.c:289:6:HAL_UARTEx_RxEventCallback	16	static
