../Core/Src/display-ili9488.c:74:6:ILI9488_RESET	8	static
../Core/Src/display-ili9488.c:89:6:ILI9488_SELECT	8	static
../Core/Src/display-ili9488.c:94:6:ILI9488_DESELECT	8	static
../Core/Src/display-ili9488.c:100:6:ILI9488_CMD	16	static
../Core/Src/display-ili9488.c:115:6:ILI9488_DATA	32	static
../Core/Src/display-ili9488.c:133:6:ILI9488_INIT	24	static
../Core/Src/display-ili9488.c:186:6:ILI9488_FILL	32	static
../Core/Src/display-ili9488.c:253:6:ILI9488_REFRESH	32	static
../Core/Src/display-ili9488.c:327:6:ILI9488_LOAD	72	static
../Core/Src/display-ili9488.c:443:6:ILI9488_DRAW	64	static
../Core/Src/display-ili9488.c:580:6:HAL_SPI_TxCpltCallback	56	static
