../Core/Src/display.c:19:6:DISPLAY_RESET	8	static
../Core/Src/display.c:34:6:DISPLAY_SELECT	8	static
../Core/Src/display.c:39:6:DISPLAY_DESELECT	8	static
../Core/Src/display.c:45:6:DISPLAY_CMD	16	static
../Core/Src/display.c:60:6:DISPLAY_DATA	32	static
../Core/Src/display.c:74:6:DISPLAY_UNLOCK_EXTENDED	32	static
../Core/Src/display.c:83:6:DISPLAY_LOCK_EXTENDED	32	static
../Core/Src/display.c:93:6:DISPLAY_INIT	24	static
../Core/Src/display.c:139:6:DISPLAY_FILL	32	static
../Core/Src/display.c:187:6:DISPLAY_WRITE	80	static
../Core/Src/display.c:339:6:HAL_SPI_TxCpltCallback	32	static
